[    1663ms] [INFO] %cDownload the React DevTools for a better development experience: https://react.dev/link/react-devtools font-weight:bold @ http://localhost:5173/node_modules/.vite/deps/react-dom_client.js?v=7500926f:14512
[    1798ms] [ERROR] Failed to load resource: the server responded with a status of 404 (Not Found) @ http://localhost:5173/favicon.ico:0
[    4700ms] [INFO] %cDownload the React DevTools for a better development experience: https://react.dev/link/react-devtools font-weight:bold @ http://localhost:5173/node_modules/.vite/deps/react-dom_client.js?v=7500926f:14512
[   18312ms] [ERROR] Failed to load resource: the server responded with a status of 400 () @ https://zulhxdnbpvfwkygaimuw.supabase.co/auth/v1/token?grant_type=password:0
[   29812ms] [ERROR] Failed to load resource: the server responded with a status of 403 () @ https://zulhxdnbpvfwkygaimuw.supabase.co/rest/v1/orders?select=*%2Ccustomer%3Acustomers%28*%29%2Corder_items%28*%29&order=created_at.desc:0
[   30012ms] [ERROR] Failed to load resource: the server responded with a status of 403 () @ https://zulhxdnbpvfwkygaimuw.supabase.co/rest/v1/products?select=id%2Cname%2Csku%2Cstock_quantity%2Clow_stock_threshold%2Cstatus&order=stock_quantity.asc:0
[   32408ms] [ERROR] Failed to load resource: the server responded with a status of 403 () @ https://zulhxdnbpvfwkygaimuw.supabase.co/rest/v1/orders?select=*%2Ccustomer%3Acustomers%28*%29%2Corder_items%28*%29&order=created_at.desc:0
[   35241ms] [ERROR] Failed to load resource: the server responded with a status of 403 () @ https://zulhxdnbpvfwkygaimuw.supabase.co/rest/v1/orders?select=*%2Ccustomer%3Acustomers%28*%29%2Corder_items%28*%29&order=created_at.desc:0
[   35396ms] [ERROR] Failed to load resource: the server responded with a status of 403 () @ https://zulhxdnbpvfwkygaimuw.supabase.co/rest/v1/products?select=id%2Cname%2Csku%2Cstock_quantity%2Clow_stock_threshold%2Cstatus&order=stock_quantity.asc:0
[  341805ms] [INFO] %cDownload the React DevTools for a better development experience: https://react.dev/link/react-devtools font-weight:bold @ http://localhost:5173/node_modules/.vite/deps/react-dom_client.js?v=7500926f:14512
[  341896ms] [ERROR] Failed to load resource: the server responded with a status of 404 (Not Found) @ http://localhost:5173/favicon.ico:0
[  343574ms] [ERROR] Failed to load resource: the server responded with a status of 403 () @ https://zulhxdnbpvfwkygaimuw.supabase.co/rest/v1/orders?select=*%2Ccustomer%3Acustomers%28*%29%2Corder_items%28*%29&order=created_at.desc:0
[  343788ms] [ERROR] Failed to load resource: the server responded with a status of 403 () @ https://zulhxdnbpvfwkygaimuw.supabase.co/rest/v1/products?select=id%2Cname%2Csku%2Cstock_quantity%2Clow_stock_threshold%2Cstatus&order=stock_quantity.asc:0
[  513707ms] [INFO] %cDownload the React DevTools for a better development experience: https://react.dev/link/react-devtools font-weight:bold @ http://localhost:5173/node_modules/.vite/deps/react-dom_client.js?v=7500926f:14512
[  513796ms] [ERROR] Failed to load resource: the server responded with a status of 404 (Not Found) @ http://localhost:5173/favicon.ico:0
[  683210ms] [ERROR] Failed to load resource: the server responded with a status of 403 () @ https://zulhxdnbpvfwkygaimuw.supabase.co/rest/v1/products?select=*:0
[  988136ms] [INFO] %cDownload the React DevTools for a better development experience: https://react.dev/link/react-devtools font-weight:bold @ http://localhost:5173/node_modules/.vite/deps/react-dom_client.js?v=7500926f:14512
[ 1017987ms] [INFO] %cDownload the React DevTools for a better development experience: https://react.dev/link/react-devtools font-weight:bold @ http://localhost:5173/node_modules/.vite/deps/react-dom_client.js?v=7500926f:14512
[ 1176102ms] [INFO] %cDownload the React DevTools for a better development experience: https://react.dev/link/react-devtools font-weight:bold @ http://localhost:5173/node_modules/.vite/deps/react-dom_client.js?v=7500926f:14512
[ 1176234ms] [ERROR] Failed to load resource: the server responded with a status of 404 (Not Found) @ http://localhost:5173/favicon.ico:0
[ 1464671ms] [INFO] %cDownload the React DevTools for a better development experience: https://react.dev/link/react-devtools font-weight:bold @ http://localhost:5173/node_modules/.vite/deps/react-dom_client.js?v=7500926f:14512
[ 1516649ms] [INFO] %cDownload the React DevTools for a better development experience: https://react.dev/link/react-devtools font-weight:bold @ http://localhost:5173/node_modules/.vite/deps/react-dom_client.js?v=7500926f:14512
[ 1555952ms] [INFO] %cDownload the React DevTools for a better development experience: https://react.dev/link/react-devtools font-weight:bold @ http://localhost:5173/node_modules/.vite/deps/react-dom_client.js?v=7500926f:14512
[ 1593588ms] [INFO] %cDownload the React DevTools for a better development experience: https://react.dev/link/react-devtools font-weight:bold @ http://localhost:5173/node_modules/.vite/deps/react-dom_client.js?v=7500926f:14512
[ 1602127ms] [INFO] %cDownload the React DevTools for a better development experience: https://react.dev/link/react-devtools font-weight:bold @ http://localhost:5173/node_modules/.vite/deps/react-dom_client.js?v=7500926f:14512
[ 1612429ms] [INFO] %cDownload the React DevTools for a better development experience: https://react.dev/link/react-devtools font-weight:bold @ http://localhost:5173/node_modules/.vite/deps/react-dom_client.js?v=7500926f:14512
[ 1629151ms] [INFO] %cDownload the React DevTools for a better development experience: https://react.dev/link/react-devtools font-weight:bold @ http://localhost:5173/node_modules/.vite/deps/react-dom_client.js?v=7500926f:14512
[ 1630166ms] [INFO] %cDownload the React DevTools for a better development experience: https://react.dev/link/react-devtools font-weight:bold @ http://localhost:5173/node_modules/.vite/deps/react-dom_client.js?v=7500926f:14512
[ 1632191ms] [INFO] %cDownload the React DevTools for a better development experience: https://react.dev/link/react-devtools font-weight:bold @ http://localhost:5173/node_modules/.vite/deps/react-dom_client.js?v=7500926f:14512
[ 1632848ms] [INFO] %cDownload the React DevTools for a better development experience: https://react.dev/link/react-devtools font-weight:bold @ http://localhost:5173/node_modules/.vite/deps/react-dom_client.js?v=7500926f:14512
[ 1698259ms] [LOG] [vite] server connection lost. Polling for restart... @ http://localhost:5173/@vite/client:998
[ 1699007ms] [INFO] %cDownload the React DevTools for a better development experience: https://react.dev/link/react-devtools font-weight:bold @ http://localhost:5173/node_modules/.vite/deps/react-dom_client.js?v=7500926f:14512
